// Jest Snapshot v1, https://goo.gl/fbAQLP

exports[`ExerciseScreen renders ExerciseScreen correctly 1`] = `
<View
  style={
    [
      {
        "backgroundColor": "#F1F9FB",
      },
      {
        "flexBasis": "0%",
        "flexGrow": 1,
        "flexShrink": 1,
      },
      {
        "justifyContent": "space-between",
      },
    ]
  }
>
  <RCTSafeAreaView
    emulateUnlessSupported={true}
    style={
      [
        {
          "justifyContent": "space-between",
        },
      ]
    }
  >
    <View
      style={
        [
          {
            "flexDirection": "row",
          },
          {
            "alignItems": "center",
          },
          {
            "justifyContent": "space-around",
          },
        ]
      }
    >
      <View>
        <View
          style={
            [
              {
                "overflow": "hidden",
              },
              {
                "borderRadius": 20,
              },
              undefined,
              false,
            ]
          }
          testID="RNE_BUTTON_WRAPPER"
        >
          <View
            accessibilityRole="button"
            accessibilityState={
              {
                "busy": false,
                "disabled": false,
              }
            }
            accessible={true}
            collapsable={false}
            focusable={true}
            onClick={[Function]}
            onResponderGrant={[Function]}
            onResponderMove={[Function]}
            onResponderRelease={[Function]}
            onResponderTerminate={[Function]}
            onResponderTerminationRequest={[Function]}
            onStartShouldSetResponder={[Function]}
            style={
              {
                "opacity": 1,
              }
            }
          >
            <View
              style={
                {
                  "alignItems": "center",
                  "backgroundColor": "invisible",
                  "borderColor": "#2089dc",
                  "borderRadius": 20,
                  "borderWidth": 0,
                  "flexDirection": "row",
                  "height": 50,
                  "justifyContent": "center",
                  "padding": 4,
                  "paddingHorizontal": 6,
                  "width": 50,
                }
              }
            >
              <View
                style={
                  {
                    "overflow": "hidden",
                  }
                }
                testID="RNE__ICON__CONTAINER"
              >
                <View
                  accessibilityRole="button"
                  android_ripple={
                    {
                      "borderless": false,
                      "color": "rgba(0, 0, 0, 0.3)",
                      "radius": -5,
                    }
                  }
                  disabled={false}
                  testID="RNE__ICON__CONTAINER_ACTION"
                >
                  <View
                    style={
                      {
                        "alignItems": "center",
                        "backgroundColor": "transparent",
                        "justifyContent": "center",
                      }
                    }
                    testID="RNE__ICON"
                  >
                    <Text />
                  </View>
                </View>
              </View>
            </View>
          </View>
        </View>
      </View>
      <View>
        <View
          animated={true}
          animationConfig={
            {
              "bounciness": 0,
            }
          }
          animationType="spring"
          indeterminate={false}
          indeterminateAnimationDuration={1000}
          onLayout={[Function]}
          progress={0.25}
          style={
            [
              {
                "backgroundColor": "rgba(228, 242, 245, 1)",
                "borderColor": "rgba(94, 204, 233, 1)",
                "borderRadius": 8,
                "borderWidth": 0,
                "overflow": "hidden",
                "width": 253,
              },
              undefined,
            ]
          }
          useNativeDriver={false}
        >
          <View
            collapsable={false}
            style={
              {
                "backgroundColor": "rgba(94, 204, 233, 1)",
                "height": 10,
                "transform": [
                  {
                    "translateX": 0,
                  },
                  {
                    "translateX": -94.875,
                  },
                  {
                    "scaleX": 0.250075,
                  },
                ],
              }
            }
          />
        </View>
      </View>
      <View>
        <Text
          style={
            [
              {
                "paddingLeft": 12,
                "paddingRight": 12,
              },
              {
                "textAlign": "center",
              },
              {
                "fontFamily": "Montserrat-Bold",
              },
              {
                "fontSize": 12,
              },
              {
                "color": "#383838",
              },
            ]
          }
        >
          25%
        </Text>
      </View>
    </View>
    <View
      style={
        [
          {
            "alignItems": "center",
          },
        ]
      }
    >
      <Text
        style={
          [
            {
              "paddingTop": 24,
            },
            {
              "paddingBottom": 40,
            },
            {
              "textAlign": "center",
            },
            {
              "fontSize": 16,
            },
            {
              "fontFamily": "Montserrat-Bold",
            },
            {
              "color": "#383838",
            },
            {
              "width": "83.333333%",
            },
          ]
        }
      >
        Qual é a pergunta que o content creator irá fazer nessa etapa?
      </Text>
      <View
        style={
          [
            {
              "alignItems": "center",
            },
            {
              "justifyContent": "center",
            },
            {
              "height": 680.34,
              "width": 750,
            },
          ]
        }
      >
        <RCTScrollView>
          <View>
            <View
              style={
                [
                  {
                    "flexDirection": "row",
                  },
                  {
                    "width": 390,
                  },
                  {
                    "paddingBottom": 24,
                  },
                  {
                    "paddingLeft": 8,
                  },
                ]
              }
            >
              <View>
                <View
                  accessibilityLiveRegion="polite"
                  accessibilityRole="radio"
                  accessibilityState={
                    {
                      "checked": false,
                      "disabled": false,
                    }
                  }
                  accessible={true}
                  focusable={true}
                  onClick={[Function]}
                  onResponderGrant={[Function]}
                  onResponderMove={[Function]}
                  onResponderRelease={[Function]}
                  onResponderTerminate={[Function]}
                  onResponderTerminationRequest={[Function]}
                  onStartShouldSetResponder={[Function]}
                  style={
                    [
                      {
                        "overflow": "hidden",
                      },
                      {
                        "borderRadius": 18,
                      },
                    ]
                  }
                >
                  <View
                    collapsable={false}
                    style={
                      {
                        "borderColor": "#5ECCE9",
                        "borderRadius": 10,
                        "borderWidth": 2,
                        "height": 20,
                        "margin": 8,
                        "width": 20,
                      }
                    }
                  />
                </View>
              </View>
              <View>
                <View
                  accessible={true}
                  collapsable={false}
                  focusable={true}
                  onBlur={[Function]}
                  onClick={[Function]}
                  onFocus={[Function]}
                  onResponderGrant={[Function]}
                  onResponderMove={[Function]}
                  onResponderRelease={[Function]}
                  onResponderTerminate={[Function]}
                  onResponderTerminationRequest={[Function]}
                  onStartShouldSetResponder={[Function]}
                >
                  <Text
                    style={
                      [
                        {
                          "paddingTop": 8,
                        },
                        {
                          "paddingBottom": 4,
                        },
                        {
                          "width": 304,
                        },
                        {
                          "fontFamily": "Montserrat-Regular",
                        },
                        {
                          "fontSize": 16,
                        },
                        {
                          "color": "#383838",
                        },
                      ]
                    }
                  >
                    Option option option option option option placeholder  placeholder placeholder
                  </Text>
                </View>
              </View>
            </View>
            <View
              style={
                [
                  {
                    "flexDirection": "row",
                  },
                  {
                    "width": 390,
                  },
                  {
                    "paddingBottom": 24,
                  },
                  {
                    "paddingLeft": 8,
                  },
                ]
              }
            >
              <View>
                <View
                  accessibilityLiveRegion="polite"
                  accessibilityRole="radio"
                  accessibilityState={
                    {
                      "checked": false,
                      "disabled": false,
                    }
                  }
                  accessible={true}
                  focusable={true}
                  onClick={[Function]}
                  onResponderGrant={[Function]}
                  onResponderMove={[Function]}
                  onResponderRelease={[Function]}
                  onResponderTerminate={[Function]}
                  onResponderTerminationRequest={[Function]}
                  onStartShouldSetResponder={[Function]}
                  style={
                    [
                      {
                        "overflow": "hidden",
                      },
                      {
                        "borderRadius": 18,
                      },
                    ]
                  }
                >
                  <View
                    collapsable={false}
                    style={
                      {
                        "borderColor": "#5ECCE9",
                        "borderRadius": 10,
                        "borderWidth": 2,
                        "height": 20,
                        "margin": 8,
                        "width": 20,
                      }
                    }
                  />
                </View>
              </View>
              <View>
                <View
                  accessible={true}
                  collapsable={false}
                  focusable={true}
                  onBlur={[Function]}
                  onClick={[Function]}
                  onFocus={[Function]}
                  onResponderGrant={[Function]}
                  onResponderMove={[Function]}
                  onResponderRelease={[Function]}
                  onResponderTerminate={[Function]}
                  onResponderTerminationRequest={[Function]}
                  onStartShouldSetResponder={[Function]}
                >
                  <Text
                    style={
                      [
                        {
                          "paddingTop": 8,
                        },
                        {
                          "paddingBottom": 4,
                        },
                        {
                          "width": 304,
                        },
                        {
                          "fontFamily": "Montserrat-Regular",
                        },
                        {
                          "fontSize": 16,
                        },
                        {
                          "color": "#383838",
                        },
                      ]
                    }
                  >
                    Option option option option option option placeholder  placeholder placeholder
                  </Text>
                </View>
              </View>
            </View>
            <View
              style={
                [
                  {
                    "flexDirection": "row",
                  },
                  {
                    "width": 390,
                  },
                  {
                    "paddingBottom": 24,
                  },
                  {
                    "paddingLeft": 8,
                  },
                ]
              }
            >
              <View>
                <View
                  accessibilityLiveRegion="polite"
                  accessibilityRole="radio"
                  accessibilityState={
                    {
                      "checked": false,
                      "disabled": false,
                    }
                  }
                  accessible={true}
                  focusable={true}
                  onClick={[Function]}
                  onResponderGrant={[Function]}
                  onResponderMove={[Function]}
                  onResponderRelease={[Function]}
                  onResponderTerminate={[Function]}
                  onResponderTerminationRequest={[Function]}
                  onStartShouldSetResponder={[Function]}
                  style={
                    [
                      {
                        "overflow": "hidden",
                      },
                      {
                        "borderRadius": 18,
                      },
                    ]
                  }
                >
                  <View
                    collapsable={false}
                    style={
                      {
                        "borderColor": "#5ECCE9",
                        "borderRadius": 10,
                        "borderWidth": 2,
                        "height": 20,
                        "margin": 8,
                        "width": 20,
                      }
                    }
                  />
                </View>
              </View>
              <View>
                <View
                  accessible={true}
                  collapsable={false}
                  focusable={true}
                  onBlur={[Function]}
                  onClick={[Function]}
                  onFocus={[Function]}
                  onResponderGrant={[Function]}
                  onResponderMove={[Function]}
                  onResponderRelease={[Function]}
                  onResponderTerminate={[Function]}
                  onResponderTerminationRequest={[Function]}
                  onStartShouldSetResponder={[Function]}
                >
                  <Text
                    style={
                      [
                        {
                          "paddingTop": 8,
                        },
                        {
                          "paddingBottom": 4,
                        },
                        {
                          "width": 304,
                        },
                        {
                          "fontFamily": "Montserrat-Regular",
                        },
                        {
                          "fontSize": 16,
                        },
                        {
                          "color": "#383838",
                        },
                      ]
                    }
                  >
                    Option option option option option option placeholder  placeholder placeholder
                  </Text>
                </View>
              </View>
            </View>
            <View
              style={
                [
                  {
                    "flexDirection": "row",
                  },
                  {
                    "width": 390,
                  },
                  {
                    "paddingBottom": 24,
                  },
                  {
                    "paddingLeft": 8,
                  },
                ]
              }
            >
              <View>
                <View
                  accessibilityLiveRegion="polite"
                  accessibilityRole="radio"
                  accessibilityState={
                    {
                      "checked": false,
                      "disabled": false,
                    }
                  }
                  accessible={true}
                  focusable={true}
                  onClick={[Function]}
                  onResponderGrant={[Function]}
                  onResponderMove={[Function]}
                  onResponderRelease={[Function]}
                  onResponderTerminate={[Function]}
                  onResponderTerminationRequest={[Function]}
                  onStartShouldSetResponder={[Function]}
                  style={
                    [
                      {
                        "overflow": "hidden",
                      },
                      {
                        "borderRadius": 18,
                      },
                    ]
                  }
                >
                  <View
                    collapsable={false}
                    style={
                      {
                        "borderColor": "#5ECCE9",
                        "borderRadius": 10,
                        "borderWidth": 2,
                        "height": 20,
                        "margin": 8,
                        "width": 20,
                      }
                    }
                  />
                </View>
              </View>
              <View>
                <View
                  accessible={true}
                  collapsable={false}
                  focusable={true}
                  onBlur={[Function]}
                  onClick={[Function]}
                  onFocus={[Function]}
                  onResponderGrant={[Function]}
                  onResponderMove={[Function]}
                  onResponderRelease={[Function]}
                  onResponderTerminate={[Function]}
                  onResponderTerminationRequest={[Function]}
                  onStartShouldSetResponder={[Function]}
                >
                  <Text
                    style={
                      [
                        {
                          "paddingTop": 8,
                        },
                        {
                          "paddingBottom": 4,
                        },
                        {
                          "width": 304,
                        },
                        {
                          "fontFamily": "Montserrat-Regular",
                        },
                        {
                          "fontSize": 16,
                        },
                        {
                          "color": "#383838",
                        },
                      ]
                    }
                  >
                    Option option option option option option placeholder  placeholder placeholder
                  </Text>
                </View>
              </View>
            </View>
          </View>
        </RCTScrollView>
      </View>
      <View
        style={
          [
            {
              "paddingLeft": 24,
              "paddingRight": 24,
            },
            {
              "paddingTop": 32,
            },
            {
              "width": 750,
            },
          ]
        }
      >
        <View
          accessible={true}
          collapsable={false}
          focusable={true}
          onClick={[Function]}
          onResponderGrant={[Function]}
          onResponderMove={[Function]}
          onResponderRelease={[Function]}
          onResponderTerminate={[Function]}
          onResponderTerminationRequest={[Function]}
          onStartShouldSetResponder={[Function]}
          style={
            {
              "backgroundColor": "#5ECCE9",
              "borderBottomLeftRadius": 8,
              "borderBottomRightRadius": 8,
              "borderTopLeftRadius": 8,
              "borderTopRightRadius": 8,
              "opacity": 0.3,
              "paddingBottom": 16,
              "paddingLeft": 40,
              "paddingRight": 40,
              "paddingTop": 16,
            }
          }
        >
          <Text
            style={
              [
                {
                  "textAlign": "center",
                },
                {
                  "fontFamily": "Montserrat-Bold",
                },
                {
                  "fontSize": 16,
                },
                {
                  "color": "#FFFFFF",
                },
              ]
            }
          >
            Confirmar resposta
          </Text>
        </View>
      </View>
    </View>
    <View
      style={
        [
          {
            "flexDirection": "row",
          },
          {
            "justifyContent": "space-between",
          },
          {
            "alignItems": "flex-end",
          },
          {
            "paddingLeft": "6%",
            "paddingRight": "6%",
          },
          {
            "paddingBottom": "12%",
            "paddingTop": "12%",
          },
        ]
      }
    >
      <View>
        <Text
          style={
            [
              {
                "fontFamily": "Montserrat-Regular",
              },
              {
                "fontSize": 10,
              },
              {
                "color": "#A1ACB2",
              },
            ]
          }
        >
          Course name: 
          lecture 1
        </Text>
        <Text
          style={
            [
              {
                "fontFamily": "Montserrat-Bold",
              },
              {
                "fontSize": 16,
              },
              {
                "color": "#383838",
              },
            ]
          }
        >
          Question title
        </Text>
      </View>
      <View>
        <Image
          source={1}
        />
      </View>
    </View>
  </RCTSafeAreaView>
</View>
`;
