// Jest Snapshot v1, https://goo.gl/fbAQLP

exports[`ExerciseScreen renders ExerciseScreen correctly 1`] = `null`;
