// Jest Snapshot v1, https://goo.gl/fbAQLP

exports[`Testing if CourseScreen render 1`] = `null`;

exports[`Testing if Explore renders 1`] = `
<View
  style={
    [
      {
        "backgroundColor": "#CFE9EF",
      },
      {
        "flexBasis": "100%",
      },
      {
        "display": "flex",
      },
    ]
  }
>
  <View
    style={
      [
        {
          "flexBasis": "16.666667%",
        },
        {
          "alignItems": "center",
          "justifyContent": "center",
          "paddingTop": 20,
        },
      ]
    }
  >
    <Text
      style={
        [
          {
            "color": "#4b5563",
          },
          {
            "fontFamily": "VarelaRound_400Regular",
            "fontSize": 40,
          },
        ]
      }
    >
       Educado
    </Text>
  </View>
  <View
    style={
      [
        {
          "width": "91.666667%",
        },
        {
          "alignSelf": "center",
        },
        {
          "paddingBottom": 16,
        },
        {
          "elevation": 15,
          "zIndex": 15,
        },
      ]
    }
  >
    <View>
      <View
        accessible={true}
        collapsable={false}
        focusable={true}
        onClick={[Function]}
        onResponderGrant={[Function]}
        onResponderMove={[Function]}
        onResponderRelease={[Function]}
        onResponderTerminate={[Function]}
        onResponderTerminationRequest={[Function]}
        onStartShouldSetResponder={[Function]}
        style={
          {
            "borderColor": "gray",
            "borderRadius": 10,
            "borderWidth": 1,
            "flexDirection": "row",
            "justifyContent": "space-between",
            "opacity": 1,
            "paddingHorizontal": 20,
            "paddingVertical": 12,
          }
        }
      >
        <Text
          style={
            [
              {
                "fontFamily": undefined,
              },
              undefined,
            ]
          }
        >
          Filter by
        </Text>
        <Image
          resizeMode="contain"
          source={1}
          style={
            {
              "height": 20,
              "width": 20,
            }
          }
        />
      </View>
    </View>
  </View>
  <RCTScrollView>
    <View>
      <View
        style={
          [
            {
              "flexWrap": "wrap",
            },
            {
              "flexDirection": "row",
            },
            {
              "flexBasis": "0%",
              "flexGrow": 1,
              "flexShrink": 1,
            },
            {
              "justifyContent": "space-evenly",
            },
          ]
        }
      />
    </View>
  </RCTScrollView>
</View>
`;
