// Jest Snapshot v1, https://goo.gl/fbAQLP

exports[`Ensure that the alert is rendered correctly 1`] = `
<View
  style={
    [
      {
        "flexDirection": "row",
      },
      {
        "alignItems": "center",
      },
    ]
  }
>
  <Text
    style={
      [
        {
          "fontFamily": "Montserrat-Regular",
        },
        {
          "color": "#383838",
        },
        {
          "fontSize": 16,
        },
        [
          {
            "fontSize": 12,
            "lineHeight": 16,
          },
          {
            "color": "#FF4949",
          },
          {
            "marginLeft": 8,
            "marginRight": 8,
          },
        ],
      ]
    }
  />
</View>
`;
