// Jest Snapshot v1, https://goo.gl/fbAQLP

exports[`Ensure that the text field is rendered correctly 1`] = `
<View>
  <View
    style={
      [
        {
          "display": "flex",
        },
        {
          "flexDirection": "row",
        },
      ]
    }
  >
    <Text
      style={
        [
          {
            "fontFamily": "Montserrat-Regular",
          },
          {
            "color": "#383838",
          },
          {
            "fontSize": 16,
          },
          [
            {
              "marginLeft": 8,
            },
            {
              "fontSize": 12,
              "lineHeight": 16,
            },
          ],
        ]
      }
    />
    <Text
      style={
        [
          {
            "fontFamily": "Montserrat-Regular",
          },
          {
            "color": "#383838",
          },
          {
            "fontSize": 16,
          },
          [
            {
              "marginLeft": 4,
            },
            {
              "fontSize": 12,
              "lineHeight": 16,
            },
            {
              "color": "#FF4949",
            },
          ],
        ]
      }
    />
  </View>
  <View>
    <TextInput
      autoComplete="off"
      keyboardType="default"
      onChangeText={null}
      passwordGuidelines={false}
      placeholder=""
      secureTextEntry={false}
      style={
        [
          {
            "paddingBottom": 4,
            "paddingTop": 4,
          },
          {
            "paddingLeft": 10,
          },
          {
            "backgroundColor": "#FFFFFF",
          },
          {
            "borderBottomLeftRadius": 8,
            "borderBottomRightRadius": 8,
            "borderTopLeftRadius": 8,
            "borderTopRightRadius": 8,
          },
        ]
      }
    />
  </View>
</View>
`;
