// Jest Snapshot v1, https://goo.gl/fbAQLP

exports[`Ensure that the field is rendered correctly without props 1`] = `
<View
  accessible={true}
  collapsable={false}
  focusable={true}
  onBlur={[Function]}
  onClick={[Function]}
  onFocus={[Function]}
  onResponderGrant={[Function]}
  onResponderMove={[Function]}
  onResponderRelease={[Function]}
  onResponderTerminate={[Function]}
  onResponderTerminationRequest={[Function]}
  onStartShouldSetResponder={[Function]}
  style={
    [
      {
        "position": "absolute",
      },
      {
        "right": 0,
      },
      {
        "top": 8,
      },
      {
        "paddingBottom": 12,
        "paddingLeft": 12,
        "paddingRight": 12,
        "paddingTop": 12,
      },
    ]
  }
>
  <Text
    allowFontScaling={false}
    selectable={false}
    style={
      [
        {
          "color": "gray",
          "fontSize": 24,
        },
        undefined,
        {
          "fontFamily": "material-community",
          "fontStyle": "normal",
          "fontWeight": "normal",
        },
        {},
      ]
    }
  >
    ó°ˆˆ
  </Text>
</View>
`;
