// Jest Snapshot v1, https://goo.gl/fbAQLP

exports[`Ensure that the RegisterForm component renders correctly 1`] = `
<View>
  <View
    style={
      [
        {
          "marginBottom": 24,
        },
      ]
    }
  >
    <View>
      <View
        style={
          [
            {
              "display": "flex",
            },
            {
              "flexDirection": "row",
            },
          ]
        }
      >
        <Text
          style={
            [
              {
                "fontFamily": "Montserrat-Regular",
              },
              {
                "color": "#383838",
              },
              {
                "fontSize": 16,
              },
              [
                {
                  "marginLeft": 8,
                },
                {
                  "fontSize": 12,
                  "lineHeight": 16,
                },
              ],
            ]
          }
        >
          Nome
        </Text>
        <Text
          style={
            [
              {
                "fontFamily": "Montserrat-Regular",
              },
              {
                "color": "#383838",
              },
              {
                "fontSize": 16,
              },
              [
                {
                  "marginLeft": 4,
                },
                {
                  "fontSize": 12,
                  "lineHeight": 16,
                },
                {
                  "color": "#FF4949",
                },
              ],
            ]
          }
        >
          *
        </Text>
      </View>
      <View>
        <TextInput
          autoComplete="off"
          keyboardType="default"
          onChangeText={[Function]}
          passwordGuidelines={false}
          placeholder="Nome"
          secureTextEntry={false}
          style={
            [
              {
                "paddingBottom": 4,
                "paddingTop": 4,
              },
              {
                "paddingLeft": 10,
              },
              {
                "backgroundColor": "#FFFFFF",
              },
              {
                "borderBottomLeftRadius": 8,
                "borderBottomRightRadius": 8,
                "borderTopLeftRadius": 8,
                "borderTopRightRadius": 8,
              },
            ]
          }
          value=""
        />
      </View>
    </View>
  </View>
  <View
    style={
      [
        {
          "marginBottom": 24,
        },
      ]
    }
  >
    <View>
      <View
        style={
          [
            {
              "display": "flex",
            },
            {
              "flexDirection": "row",
            },
          ]
        }
      >
        <Text
          style={
            [
              {
                "fontFamily": "Montserrat-Regular",
              },
              {
                "color": "#383838",
              },
              {
                "fontSize": 16,
              },
              [
                {
                  "marginLeft": 8,
                },
                {
                  "fontSize": 12,
                  "lineHeight": 16,
                },
              ],
            ]
          }
        >
          Sobrenome
        </Text>
        <Text
          style={
            [
              {
                "fontFamily": "Montserrat-Regular",
              },
              {
                "color": "#383838",
              },
              {
                "fontSize": 16,
              },
              [
                {
                  "marginLeft": 4,
                },
                {
                  "fontSize": 12,
                  "lineHeight": 16,
                },
                {
                  "color": "#FF4949",
                },
              ],
            ]
          }
        >
          *
        </Text>
      </View>
      <View>
        <TextInput
          autoComplete="off"
          keyboardType="default"
          onChangeText={[Function]}
          passwordGuidelines={false}
          placeholder="Sobrenome"
          secureTextEntry={false}
          style={
            [
              {
                "paddingBottom": 4,
                "paddingTop": 4,
              },
              {
                "paddingLeft": 10,
              },
              {
                "backgroundColor": "#FFFFFF",
              },
              {
                "borderBottomLeftRadius": 8,
                "borderBottomRightRadius": 8,
                "borderTopLeftRadius": 8,
                "borderTopRightRadius": 8,
              },
            ]
          }
          value=""
        />
      </View>
    </View>
    <View
      style={
        [
          {
            "flexDirection": "row",
          },
          {
            "alignItems": "center",
          },
        ]
      }
    >
      <Text
        style={
          [
            {
              "fontFamily": "Montserrat-Regular",
            },
            {
              "color": "#383838",
            },
            {
              "fontSize": 16,
            },
            [
              {
                "fontSize": 12,
                "lineHeight": 16,
              },
              {
                "color": "#FF4949",
              },
              {
                "marginLeft": 8,
                "marginRight": 8,
              },
            ],
          ]
        }
      />
    </View>
  </View>
  <View
    style={
      [
        {
          "marginBottom": 24,
        },
      ]
    }
  >
    <View>
      <View
        style={
          [
            {
              "display": "flex",
            },
            {
              "flexDirection": "row",
            },
          ]
        }
      >
        <Text
          style={
            [
              {
                "fontFamily": "Montserrat-Regular",
              },
              {
                "color": "#383838",
              },
              {
                "fontSize": 16,
              },
              [
                {
                  "marginLeft": 8,
                },
                {
                  "fontSize": 12,
                  "lineHeight": 16,
                },
              ],
            ]
          }
        >
          E-mail
        </Text>
        <Text
          style={
            [
              {
                "fontFamily": "Montserrat-Regular",
              },
              {
                "color": "#383838",
              },
              {
                "fontSize": 16,
              },
              [
                {
                  "marginLeft": 4,
                },
                {
                  "fontSize": 12,
                  "lineHeight": 16,
                },
                {
                  "color": "#FF4949",
                },
              ],
            ]
          }
        >
          *
        </Text>
      </View>
      <View>
        <TextInput
          autoComplete="off"
          keyboardType="email-address"
          onChangeText={[Function]}
          passwordGuidelines={false}
          placeholder="Insira sua e-mail"
          secureTextEntry={false}
          style={
            [
              {
                "paddingBottom": 4,
                "paddingTop": 4,
              },
              {
                "paddingLeft": 10,
              },
              {
                "backgroundColor": "#FFFFFF",
              },
              {
                "borderBottomLeftRadius": 8,
                "borderBottomRightRadius": 8,
                "borderTopLeftRadius": 8,
                "borderTopRightRadius": 8,
              },
            ]
          }
          value=""
        />
      </View>
    </View>
    <View
      style={
        [
          {
            "flexDirection": "row",
          },
          {
            "alignItems": "center",
          },
        ]
      }
    >
      <Text
        style={
          [
            {
              "fontFamily": "Montserrat-Regular",
            },
            {
              "color": "#383838",
            },
            {
              "fontSize": 16,
            },
            [
              {
                "fontSize": 12,
                "lineHeight": 16,
              },
              {
                "color": "#FF4949",
              },
              {
                "marginLeft": 8,
                "marginRight": 8,
              },
            ],
          ]
        }
      />
    </View>
  </View>
  <View
    style={
      [
        {
          "marginBottom": 24,
        },
      ]
    }
  >
    <View
      style={
        [
          {
            "position": "relative",
          },
        ]
      }
    >
      <View>
        <View
          style={
            [
              {
                "display": "flex",
              },
              {
                "flexDirection": "row",
              },
            ]
          }
        >
          <Text
            style={
              [
                {
                  "fontFamily": "Montserrat-Regular",
                },
                {
                  "color": "#383838",
                },
                {
                  "fontSize": 16,
                },
                [
                  {
                    "marginLeft": 8,
                  },
                  {
                    "fontSize": 12,
                    "lineHeight": 16,
                  },
                ],
              ]
            }
          >
            Senha
          </Text>
          <Text
            style={
              [
                {
                  "fontFamily": "Montserrat-Regular",
                },
                {
                  "color": "#383838",
                },
                {
                  "fontSize": 16,
                },
                [
                  {
                    "marginLeft": 4,
                  },
                  {
                    "fontSize": 12,
                    "lineHeight": 16,
                  },
                  {
                    "color": "#FF4949",
                  },
                ],
              ]
            }
          >
            *
          </Text>
        </View>
        <View>
          <TextInput
            autoComplete="off"
            keyboardType="default"
            onChangeText={[Function]}
            passwordGuidelines={false}
            placeholder="Insira sua senha"
            secureTextEntry={true}
            style={
              [
                {
                  "paddingBottom": 4,
                  "paddingTop": 4,
                },
                {
                  "paddingLeft": 10,
                },
                {
                  "backgroundColor": "#FFFFFF",
                },
                {
                  "borderBottomLeftRadius": 8,
                  "borderBottomRightRadius": 8,
                  "borderTopLeftRadius": 8,
                  "borderTopRightRadius": 8,
                },
              ]
            }
            value=""
          />
        </View>
      </View>
      <View
        accessible={true}
        collapsable={false}
        focusable={true}
        onBlur={[Function]}
        onClick={[Function]}
        onFocus={[Function]}
        onResponderGrant={[Function]}
        onResponderMove={[Function]}
        onResponderRelease={[Function]}
        onResponderTerminate={[Function]}
        onResponderTerminationRequest={[Function]}
        onStartShouldSetResponder={[Function]}
        style={
          [
            {
              "position": "absolute",
            },
            {
              "right": 0,
            },
            {
              "top": 8,
            },
            {
              "paddingBottom": 12,
              "paddingLeft": 12,
              "paddingRight": 12,
              "paddingTop": 12,
            },
          ]
        }
      >
        <Text
          allowFontScaling={false}
          selectable={false}
          style={
            [
              {
                "color": "gray",
                "fontSize": 24,
              },
              undefined,
              {
                "fontFamily": "material-community",
                "fontStyle": "normal",
                "fontWeight": "normal",
              },
              {},
            ]
          }
        >
          󰈈
        </Text>
      </View>
    </View>
    <View
      style={
        [
          {
            "flexDirection": "row",
          },
          {
            "justifyContent": "flex-start",
          },
          {
            "marginTop": 4,
          },
          {
            "height": 24,
          },
        ]
      }
    >
      <Text
        style={
          [
            {
              "fontFamily": "Montserrat-Regular",
            },
            {
              "color": "#383838",
            },
            {
              "fontSize": 16,
            },
            [
              {
                "fontSize": 12,
                "lineHeight": 16,
              },
              {
                "color": "#A1ACB2",
              },
            ],
          ]
        }
        testId="passwordLengthAlert"
      >
        • Mínimo 8 caracteres
      </Text>
      <View
        style={
          [
            {
              "flexDirection": "row",
            },
            {
              "alignItems": "center",
            },
            {
              "transform": [
                {
                  "translateY": -4,
                },
                {
                  "translateX": 0,
                },
              ],
            },
          ]
        }
      />
    </View>
    <View
      style={
        [
          {
            "flexDirection": "row",
          },
          {
            "justifyContent": "flex-start",
          },
          {
            "height": 24,
          },
        ]
      }
    >
      <Text
        style={
          [
            {
              "fontFamily": "Montserrat-Regular",
            },
            {
              "color": "#383838",
            },
            {
              "fontSize": 16,
            },
            [
              {
                "fontSize": 12,
                "lineHeight": 16,
              },
              {
                "fontFamily": "Montserrat-Regular",
              },
              {
                "color": "#A1ACB2",
              },
            ],
          ]
        }
        testId="passwordLetterAlert"
      >
        • Conter pelo menos uma letra
      </Text>
      <View
        style={
          [
            {
              "flexDirection": "row",
            },
            {
              "alignItems": "center",
            },
            {
              "transform": [
                {
                  "translateY": -4,
                },
                {
                  "translateX": 0,
                },
              ],
            },
          ]
        }
      />
    </View>
  </View>
  <View
    style={
      [
        {
          "marginBottom": 8,
        },
      ]
    }
  >
    <View
      style={
        [
          {
            "position": "relative",
          },
        ]
      }
    >
      <View>
        <View
          style={
            [
              {
                "display": "flex",
              },
              {
                "flexDirection": "row",
              },
            ]
          }
        >
          <Text
            style={
              [
                {
                  "fontFamily": "Montserrat-Regular",
                },
                {
                  "color": "#383838",
                },
                {
                  "fontSize": 16,
                },
                [
                  {
                    "marginLeft": 8,
                  },
                  {
                    "fontSize": 12,
                    "lineHeight": 16,
                  },
                ],
              ]
            }
          >
            Confirmar senha
          </Text>
          <Text
            style={
              [
                {
                  "fontFamily": "Montserrat-Regular",
                },
                {
                  "color": "#383838",
                },
                {
                  "fontSize": 16,
                },
                [
                  {
                    "marginLeft": 4,
                  },
                  {
                    "fontSize": 12,
                    "lineHeight": 16,
                  },
                  {
                    "color": "#FF4949",
                  },
                ],
              ]
            }
          >
            *
          </Text>
        </View>
        <View>
          <TextInput
            autoComplete="off"
            keyboardType="default"
            onChangeText={[Function]}
            passwordGuidelines={false}
            placeholder="Confirme sua senha"
            secureTextEntry={true}
            style={
              [
                {
                  "paddingBottom": 4,
                  "paddingTop": 4,
                },
                {
                  "paddingLeft": 10,
                },
                {
                  "backgroundColor": "#FFFFFF",
                },
                {
                  "borderBottomLeftRadius": 8,
                  "borderBottomRightRadius": 8,
                  "borderTopLeftRadius": 8,
                  "borderTopRightRadius": 8,
                },
              ]
            }
            value=""
          />
        </View>
      </View>
      <View
        accessible={true}
        collapsable={false}
        focusable={true}
        onBlur={[Function]}
        onClick={[Function]}
        onFocus={[Function]}
        onResponderGrant={[Function]}
        onResponderMove={[Function]}
        onResponderRelease={[Function]}
        onResponderTerminate={[Function]}
        onResponderTerminationRequest={[Function]}
        onStartShouldSetResponder={[Function]}
        style={
          [
            {
              "position": "absolute",
            },
            {
              "right": 0,
            },
            {
              "top": 8,
            },
            {
              "paddingBottom": 12,
              "paddingLeft": 12,
              "paddingRight": 12,
              "paddingTop": 12,
            },
          ]
        }
      >
        <Text
          allowFontScaling={false}
          selectable={false}
          style={
            [
              {
                "color": "gray",
                "fontSize": 24,
              },
              undefined,
              {
                "fontFamily": "material-community",
                "fontStyle": "normal",
                "fontWeight": "normal",
              },
              {},
            ]
          }
        >
          󰈈
        </Text>
      </View>
    </View>
    <View
      style={
        [
          {
            "flexDirection": "row",
          },
          {
            "alignItems": "center",
          },
        ]
      }
    >
      <Text
        style={
          [
            {
              "fontFamily": "Montserrat-Regular",
            },
            {
              "color": "#383838",
            },
            {
              "fontSize": 16,
            },
            [
              {
                "fontSize": 12,
                "lineHeight": 16,
              },
              {
                "color": "#FF4949",
              },
              {
                "marginLeft": 8,
                "marginRight": 8,
              },
            ],
          ]
        }
      />
    </View>
  </View>
  <View
    style={
      [
        {
          "marginBottom": 8,
          "marginTop": 8,
        },
      ]
    }
  >
    <View>
      <View
        accessibilityState={
          {
            "disabled": true,
          }
        }
        accessible={true}
        collapsable={false}
        focusable={true}
        onClick={[Function]}
        onResponderGrant={[Function]}
        onResponderMove={[Function]}
        onResponderRelease={[Function]}
        onResponderTerminate={[Function]}
        onResponderTerminationRequest={[Function]}
        onStartShouldSetResponder={[Function]}
        style={
          {
            "backgroundColor": "#5ECCE9",
            "borderBottomLeftRadius": 8,
            "borderBottomRightRadius": 8,
            "borderTopLeftRadius": 8,
            "borderTopRightRadius": 8,
            "opacity": 0.5,
            "paddingBottom": 16,
            "paddingLeft": 16,
            "paddingRight": 16,
            "paddingTop": 16,
          }
        }
      >
        <Text
          style={
            [
              {
                "fontFamily": "Montserrat-Regular",
              },
              {
                "color": "#383838",
              },
              {
                "fontSize": 16,
              },
              [
                {
                  "textAlign": "center",
                },
                {
                  "fontFamily": "Montserrat-Bold",
                },
                {
                  "fontSize": 16,
                },
                {
                  "color": "#FFFFFF",
                },
              ],
            ]
          }
        >
          Cadastrar
        </Text>
      </View>
    </View>
  </View>
</View>
`;
