// Jest Snapshot v1, https://goo.gl/fbAQLP

exports[`ResetPassword Test modal open and close Ensure that the reset password page is rendered correctly when not visible 1`] = `
<Modal
  animationType="slide"
  hardwareAccelerated={false}
  style={
    [
      {
        "borderBottomWidth": 8,
        "borderLeftWidth": 8,
        "borderRightWidth": 8,
        "borderTopWidth": 8,
      },
    ]
  }
  visible={false}
/>
`;

exports[`ResetPassword Test modal open and close Ensure that the reset password page is rendered correctly when visible 1`] = `
<Modal
  animationType="slide"
  hardwareAccelerated={false}
  style={
    [
      {
        "borderBottomWidth": 8,
        "borderLeftWidth": 8,
        "borderRightWidth": 8,
        "borderTopWidth": 8,
      },
    ]
  }
  visible={true}
>
  <View
    accessible={true}
    focusable={true}
    onClick={[Function]}
    onResponderGrant={[Function]}
    onResponderMove={[Function]}
    onResponderRelease={[Function]}
    onResponderTerminate={[Function]}
    onResponderTerminationRequest={[Function]}
    onStartShouldSetResponder={[Function]}
  >
    <View
      style={
        [
          {
            "display": "flex",
          },
          {
            "justifyContent": "center",
          },
          {
            "paddingTop": "10%",
          },
        ]
      }
    >
      <View
        style={
          [
            {
              "display": "flex",
            },
            {
              "flexDirection": "row",
            },
            {
              "justifyContent": "flex-end",
            },
            {
              "paddingLeft": "10%",
              "paddingRight": "10%",
            },
          ]
        }
      >
        <View
          accessible={true}
          collapsable={false}
          focusable={true}
          onBlur={[Function]}
          onClick={[Function]}
          onFocus={[Function]}
          onResponderGrant={[Function]}
          onResponderMove={[Function]}
          onResponderRelease={[Function]}
          onResponderTerminate={[Function]}
          onResponderTerminationRequest={[Function]}
          onStartShouldSetResponder={[Function]}
        >
          <Text
            allowFontScaling={false}
            selectable={false}
            style={
              [
                {
                  "color": undefined,
                  "fontSize": 24,
                },
                undefined,
                {
                  "fontFamily": "entypo",
                  "fontStyle": "normal",
                  "fontWeight": "normal",
                },
                {},
              ]
            }
          >
            
          </Text>
        </View>
      </View>
      <View
        style={
          [
            {
              "display": "flex",
            },
            {
              "flexDirection": "row",
            },
            {
              "justifyContent": "center",
            },
            {
              "marginBottom": "10%",
              "marginTop": "10%",
            },
          ]
        }
      >
        <Image
          resizeMode="contain"
          source={1}
          style={
            [
              {
                "height": 48,
              },
            ]
          }
        />
      </View>
      <View
        style={
          [
            {
              "display": "flex",
            },
            {
              "flexDirection": "row",
            },
            {
              "justifyContent": "flex-start",
            },
            {
              "paddingLeft": "10%",
              "paddingRight": "10%",
            },
          ]
        }
      >
        <Text
          style={
            [
              {
                "fontFamily": "Montserrat-Regular",
              },
              {
                "color": "#383838",
              },
              {
                "fontSize": 16,
              },
              [
                {
                  "textAlign": "center",
                },
                {
                  "fontSize": 24,
                },
              ],
            ]
          }
        >
          Redefinição de senha
        </Text>
      </View>
    </View>
    <View
      style={
        [
          {
            "marginBottom": 80,
            "marginTop": 80,
          },
          {
            "paddingLeft": 40,
            "paddingRight": 40,
          },
        ]
      }
    >
      <View>
        <View>
          <View
            style={
              [
                {
                  "display": "flex",
                },
                {
                  "flexDirection": "row",
                },
              ]
            }
          >
            <Text
              style={
                [
                  {
                    "fontFamily": "Montserrat-Regular",
                  },
                  {
                    "color": "#383838",
                  },
                  {
                    "fontSize": 16,
                  },
                  [
                    {
                      "marginLeft": 8,
                    },
                    {
                      "fontSize": 12,
                      "lineHeight": 16,
                    },
                  ],
                ]
              }
            >
              E-mail
            </Text>
            <Text
              style={
                [
                  {
                    "fontFamily": "Montserrat-Regular",
                  },
                  {
                    "color": "#383838",
                  },
                  {
                    "fontSize": 16,
                  },
                  [
                    {
                      "marginLeft": 4,
                    },
                    {
                      "fontSize": 12,
                      "lineHeight": 16,
                    },
                    {
                      "color": "#FF4949",
                    },
                  ],
                ]
              }
            >
              *
            </Text>
          </View>
          <View>
            <TextInput
              autoComplete="off"
              keyboardType="email-address"
              onChangeText={[Function]}
              passwordGuidelines={false}
              placeholder="Insira sua e-mail"
              secureTextEntry={false}
              style={
                [
                  {
                    "paddingBottom": 4,
                    "paddingTop": 4,
                  },
                  {
                    "paddingLeft": 10,
                  },
                  {
                    "backgroundColor": "#FFFFFF",
                  },
                  {
                    "borderBottomLeftRadius": 8,
                    "borderBottomRightRadius": 8,
                    "borderTopLeftRadius": 8,
                    "borderTopRightRadius": 8,
                  },
                  {
                    "borderBottomWidth": 2,
                    "borderLeftWidth": 2,
                    "borderRightWidth": 2,
                    "borderTopWidth": 2,
                  },
                  {
                    "borderBottomColor": "#A1ACB2",
                    "borderLeftColor": "#A1ACB2",
                    "borderRightColor": "#A1ACB2",
                    "borderTopColor": "#A1ACB2",
                  },
                ]
              }
              value=""
            />
          </View>
        </View>
        <View
          style={
            [
              {
                "flexDirection": "row",
              },
              {
                "alignItems": "center",
              },
            ]
          }
        >
          <Text
            style={
              [
                {
                  "fontFamily": "Montserrat-Regular",
                },
                {
                  "color": "#383838",
                },
                {
                  "fontSize": 16,
                },
                [
                  {
                    "fontSize": 12,
                    "lineHeight": 16,
                  },
                  {
                    "color": "#FF4949",
                  },
                  {
                    "marginLeft": 8,
                    "marginRight": 8,
                  },
                ],
              ]
            }
          />
        </View>
        <View
          style={
            [
              {
                "marginTop": 40,
              },
            ]
          }
        >
          <View>
            <View
              accessibilityState={
                {
                  "disabled": true,
                }
              }
              accessible={true}
              collapsable={false}
              focusable={true}
              onClick={[Function]}
              onResponderGrant={[Function]}
              onResponderMove={[Function]}
              onResponderRelease={[Function]}
              onResponderTerminate={[Function]}
              onResponderTerminationRequest={[Function]}
              onStartShouldSetResponder={[Function]}
              style={
                {
                  "backgroundColor": "#5ECCE9",
                  "borderBottomLeftRadius": 8,
                  "borderBottomRightRadius": 8,
                  "borderTopLeftRadius": 8,
                  "borderTopRightRadius": 8,
                  "opacity": 0.5,
                  "paddingBottom": 16,
                  "paddingLeft": 16,
                  "paddingRight": 16,
                  "paddingTop": 16,
                }
              }
            >
              <Text
                style={
                  [
                    {
                      "fontFamily": "Montserrat-Regular",
                    },
                    {
                      "color": "#383838",
                    },
                    {
                      "fontSize": 16,
                    },
                    [
                      {
                        "textAlign": "center",
                      },
                      {
                        "fontFamily": "Montserrat-Bold",
                      },
                      {
                        "fontSize": 16,
                      },
                      {
                        "color": "#FFFFFF",
                      },
                    ],
                  ]
                }
              >
                Enviar código
              </Text>
            </View>
          </View>
        </View>
      </View>
    </View>
  </View>
</Modal>
`;
