// Jest Snapshot v1, https://goo.gl/fbAQLP

exports[`WelcomeScreen renders welcomeScreen correctly 1`] = `
<ViewManagerAdapter_ExpoLinearGradient
  proxiedProperties={
    {
      "colors": [
        4291421676,
        4294967295,
      ],
      "endPoint": [
        1,
        1,
      ],
      "locations": undefined,
      "startPoint": [
        1,
        0.2,
      ],
    }
  }
  style={
    {
      "flex": 1,
    }
  }
>
  <RCTSafeAreaView
    emulateUnlessSupported={true}
  >
    <View
      style={
        [
          {
            "justifyContent": "center",
          },
          {
            "alignItems": "center",
          },
          {
            "display": "flex",
          },
          {
            "flexDirection": "column",
          },
        ]
      }
    >
      <View
        style={
          [
            {
              "display": "flex",
            },
            {
              "marginBottom": "20%",
            },
            {
              "paddingTop": "30%",
            },
          ]
        }
      >
        <Image
          source={1}
          style={
            [
              {
                "width": 175.88,
              },
              {
                "height": 25.54,
              },
            ]
          }
        />
      </View>
      <View
        style={
          [
            {
              "display": "flex",
            },
            {
              "flexDirection": "row",
            },
            {
              "width": 750,
            },
            {
              "justifyContent": "center",
            },
            {
              "alignItems": "center",
            },
            {
              "marginBottom": "15%",
            },
          ]
        }
      >
        <View
          onLayout={[Function]}
          style={
            [
              {
                "backgroundColor": "transparent",
                "flex": 1,
                "position": "relative",
              },
              undefined,
            ]
          }
        >
          <RCTScrollView
            activeDotColor="#5ECCE9"
            activeDotStyle={
              {
                "height": 10,
                "width": 10,
              }
            }
            automaticallyAdjustContentInsets={false}
            autoplay={true}
            autoplayDirection={true}
            autoplayTimeout={10}
            bounces={false}
            contentContainerStyle={
              [
                {
                  "backgroundColor": "transparent",
                },
                undefined,
              ]
            }
            contentOffset={
              {
                "x": 0,
              }
            }
            disableNextButton={false}
            disablePrevButton={false}
            dotColor="#FFFFFF"
            dotStyle={
              {
                "height": 10,
                "width": 10,
              }
            }
            height={265}
            horizontal={true}
            index={0}
            loadMinimal={false}
            loadMinimalSize={1}
            loop={false}
            nextButton={
              <ForwardRef
                className="h-[25px] w-[25px] mr-4"
                component={[Function]}
              >
                <Path
                  d="M8.59003 17.1239L13.17 12.5439L8.59003 7.95385L10 6.54385L16 12.5439L10 18.5439L8.59003 17.1239Z"
                  fill="#383838"
                />
              </ForwardRef>
            }
            onIndexChanged={[Function]}
            onMomentumScrollEnd={[Function]}
            onScrollBeginDrag={[Function]}
            onScrollEndDrag={[Function]}
            pagingEnabled={true}
            prevButton={
              <ForwardRef
                className="h-[25px] w-[25px] ml-4"
                component={[Function]}
              >
                <Path
                  d="M15.41 17.1239L10.83 12.5439L15.41 7.95385L14 6.54385L8 12.5439L14 18.5439L15.41 17.1239Z"
                  fill="#383838"
                />
              </ForwardRef>
            }
            removeClippedSubviews={true}
            scrollEnabled={true}
            scrollsToTop={false}
            showsButtons={true}
            showsHorizontalScrollIndicator={false}
            showsPagination={true}
            showsVerticalScrollIndicator={false}
          >
            <View>
              <View
                style={
                  [
                    {
                      "height": 265,
                      "width": 750,
                    },
                    {
                      "backgroundColor": "transparent",
                    },
                  ]
                }
              >
                <View
                  style={
                    [
                      {
                        "position": "relative",
                      },
                      {
                        "height": "100%",
                      },
                      {
                        "paddingLeft": 40,
                        "paddingRight": 40,
                      },
                      {
                        "alignItems": "center",
                      },
                    ]
                  }
                >
                  <View
                    style={
                      [
                        {
                          "top": 0,
                        },
                        {
                          "paddingLeft": 16,
                          "paddingRight": 16,
                        },
                      ]
                    }
                  >
                    <Text
                      style={
                        [
                          {
                            "fontFamily": "Montserrat-Regular",
                          },
                          {
                            "color": "#383838",
                          },
                          {
                            "fontSize": 16,
                          },
                          [
                            {
                              "textAlign": "center",
                            },
                            {
                              "fontFamily": "Montserrat-Bold",
                            },
                            {
                              "fontSize": 24,
                            },
                          ],
                        ]
                      }
                    >
                      SEJA BEM-VINDO!
                    </Text>
                  </View>
                  <View
                    style={
                      [
                        {
                          "bottom": 0,
                        },
                        {
                          "position": "absolute",
                        },
                        {
                          "paddingBottom": "27.5%",
                        },
                        {
                          "paddingLeft": 24,
                          "paddingRight": 24,
                        },
                      ]
                    }
                  >
                    <Text
                      style={
                        [
                          {
                            "fontFamily": "Montserrat-Regular",
                          },
                          {
                            "color": "#383838",
                          },
                          {
                            "fontSize": 16,
                          },
                          [
                            {
                              "textAlign": "center",
                            },
                            {
                              "fontSize": 16,
                            },
                          ],
                        ]
                      }
                    >
                      Aqui, tornamos o aprendizado acessível e divertido para todos. Explore nossos conteúdos e comece sua jornada de desenvolvimento.
                    </Text>
                  </View>
                </View>
              </View>
              <View
                style={
                  [
                    {
                      "height": 265,
                      "width": 750,
                    },
                    {
                      "backgroundColor": "transparent",
                    },
                  ]
                }
              >
                <View
                  style={
                    [
                      {
                        "position": "relative",
                      },
                      {
                        "height": "100%",
                      },
                      {
                        "paddingLeft": 40,
                        "paddingRight": 40,
                      },
                      {
                        "alignItems": "center",
                      },
                    ]
                  }
                >
                  <View
                    style={
                      [
                        {
                          "top": 0,
                        },
                        {
                          "paddingLeft": 16,
                          "paddingRight": 16,
                        },
                      ]
                    }
                  >
                    <Text
                      style={
                        [
                          {
                            "fontFamily": "Montserrat-Regular",
                          },
                          {
                            "color": "#383838",
                          },
                          {
                            "fontSize": 16,
                          },
                          [
                            {
                              "textAlign": "center",
                            },
                            {
                              "fontFamily": "Montserrat-Bold",
                            },
                            {
                              "fontSize": 24,
                            },
                          ],
                        ]
                      }
                    >
                      FAÇA DOWNLOAD E ACESSE OFFLINE
                    </Text>
                  </View>
                  <View
                    style={
                      [
                        {
                          "bottom": 0,
                        },
                        {
                          "position": "absolute",
                        },
                        {
                          "paddingBottom": "27.5%",
                        },
                        {
                          "paddingLeft": 24,
                          "paddingRight": 24,
                        },
                      ]
                    }
                  >
                    <Text
                      style={
                        [
                          {
                            "fontFamily": "Montserrat-Regular",
                          },
                          {
                            "color": "#383838",
                          },
                          {
                            "fontSize": 16,
                          },
                          [
                            {
                              "textAlign": "center",
                            },
                            {
                              "fontSize": 16,
                            },
                          ],
                        ]
                      }
                    >
                      Este é o seu espaço para aprender de forma interativa e envolvente. Faça o download dos conteúdos e acesse offline quando quiser!
                    </Text>
                  </View>
                </View>
              </View>
              <View
                style={
                  [
                    {
                      "height": 265,
                      "width": 750,
                    },
                    {
                      "backgroundColor": "transparent",
                    },
                  ]
                }
              >
                <View
                  style={
                    [
                      {
                        "position": "relative",
                      },
                      {
                        "height": "100%",
                      },
                      {
                        "paddingLeft": 40,
                        "paddingRight": 40,
                      },
                      {
                        "alignItems": "center",
                      },
                    ]
                  }
                >
                  <View
                    style={
                      [
                        {
                          "top": 0,
                        },
                        {
                          "paddingLeft": 16,
                          "paddingRight": 16,
                        },
                      ]
                    }
                  >
                    <Text
                      style={
                        [
                          {
                            "fontFamily": "Montserrat-Regular",
                          },
                          {
                            "color": "#383838",
                          },
                          {
                            "fontSize": 16,
                          },
                          [
                            {
                              "textAlign": "center",
                            },
                            {
                              "fontFamily": "Montserrat-Bold",
                            },
                            {
                              "fontSize": 24,
                            },
                          ],
                        ]
                      }
                    >
                      CADASTRE-SE E EXPLORE
                    </Text>
                  </View>
                  <View
                    style={
                      [
                        {
                          "bottom": 0,
                        },
                        {
                          "position": "absolute",
                        },
                        {
                          "paddingBottom": "27.5%",
                        },
                        {
                          "paddingLeft": 24,
                          "paddingRight": 24,
                        },
                      ]
                    }
                  >
                    <Text
                      style={
                        [
                          {
                            "fontFamily": "Montserrat-Regular",
                          },
                          {
                            "color": "#383838",
                          },
                          {
                            "fontSize": 16,
                          },
                          [
                            {
                              "textAlign": "center",
                            },
                            {
                              "fontSize": 16,
                            },
                          ],
                        ]
                      }
                    >
                      Faça parte de nossa comunidade e descubra um mundo de aprendizado ao seu alcance, não importa sua formação acadêmica.
                    </Text>
                  </View>
                </View>
              </View>
            </View>
          </RCTScrollView>
          <View
            pointerEvents="none"
            style={
              [
                {
                  "alignItems": "center",
                  "backgroundColor": "transparent",
                  "bottom": 25,
                  "flex": 1,
                  "flexDirection": "row",
                  "justifyContent": "center",
                  "left": 0,
                  "position": "absolute",
                  "right": 0,
                },
                undefined,
              ]
            }
          >
            <View
              style={
                [
                  {
                    "backgroundColor": "#5ECCE9",
                    "borderRadius": 4,
                    "height": 8,
                    "marginBottom": 3,
                    "marginLeft": 3,
                    "marginRight": 3,
                    "marginTop": 3,
                    "width": 8,
                  },
                  {
                    "height": 10,
                    "width": 10,
                  },
                ]
              }
            />
            <View
              style={
                [
                  {
                    "backgroundColor": "#FFFFFF",
                    "borderRadius": 4,
                    "height": 8,
                    "marginBottom": 3,
                    "marginLeft": 3,
                    "marginRight": 3,
                    "marginTop": 3,
                    "width": 8,
                  },
                  {
                    "height": 10,
                    "width": 10,
                  },
                ]
              }
            />
            <View
              style={
                [
                  {
                    "backgroundColor": "#FFFFFF",
                    "borderRadius": 4,
                    "height": 8,
                    "marginBottom": 3,
                    "marginLeft": 3,
                    "marginRight": 3,
                    "marginTop": 3,
                    "width": 8,
                  },
                  {
                    "height": 10,
                    "width": 10,
                  },
                ]
              }
            />
          </View>
          <View
            pointerEvents="box-none"
            style={
              [
                {
                  "alignItems": "center",
                  "backgroundColor": "transparent",
                  "flex": 1,
                  "flexDirection": "row",
                  "justifyContent": "space-between",
                  "left": 0,
                  "paddingHorizontal": 10,
                  "paddingVertical": 10,
                  "position": "absolute",
                  "top": 0,
                },
                {
                  "height": 265,
                  "width": 750,
                },
                undefined,
              ]
            }
          >
            <View
              accessibilityState={
                {
                  "disabled": false,
                }
              }
              accessible={true}
              collapsable={false}
              focusable={true}
              onClick={[Function]}
              onResponderGrant={[Function]}
              onResponderMove={[Function]}
              onResponderRelease={[Function]}
              onResponderTerminate={[Function]}
              onResponderTerminationRequest={[Function]}
              onStartShouldSetResponder={[Function]}
              style={
                {
                  "opacity": 1,
                }
              }
            >
              <View />
            </View>
            <View
              accessibilityState={
                {
                  "disabled": false,
                }
              }
              accessible={true}
              collapsable={false}
              focusable={true}
              onClick={[Function]}
              onResponderGrant={[Function]}
              onResponderMove={[Function]}
              onResponderRelease={[Function]}
              onResponderTerminate={[Function]}
              onResponderTerminationRequest={[Function]}
              onStartShouldSetResponder={[Function]}
              style={
                {
                  "opacity": 1,
                }
              }
            >
              <View>
                <RNSVGSvgView
                  bbHeight={25}
                  bbWidth={25}
                  focusable={false}
                  style={
                    [
                      {
                        "backgroundColor": "transparent",
                        "borderWidth": 0,
                      },
                      [
                        {
                          "height": 25,
                        },
                        {
                          "width": 25,
                        },
                        {
                          "marginRight": 16,
                        },
                      ],
                      {
                        "flex": 0,
                        "height": 25,
                        "width": 25,
                      },
                    ]
                  }
                >
                  <RNSVGGroup>
                    <RNSVGPath
                      d="M8.59003 17.1239L13.17 12.5439L8.59003 7.95385L10 6.54385L16 12.5439L10 18.5439L8.59003 17.1239Z"
                      fill={4281874488}
                      propList={
                        [
                          "fill",
                        ]
                      }
                    />
                  </RNSVGGroup>
                </RNSVGSvgView>
              </View>
            </View>
          </View>
        </View>
      </View>
      <View
        style={
          [
            {
              "justifyContent": "space-around",
            },
          ]
        }
      >
        <View
          style={
            [
              {
                "paddingLeft": 24,
                "paddingRight": 24,
              },
              {
                "width": 750,
              },
            ]
          }
        >
          <View
            accessible={true}
            collapsable={false}
            focusable={true}
            onClick={[Function]}
            onResponderGrant={[Function]}
            onResponderMove={[Function]}
            onResponderRelease={[Function]}
            onResponderTerminate={[Function]}
            onResponderTerminationRequest={[Function]}
            onStartShouldSetResponder={[Function]}
            style={
              {
                "backgroundColor": "#5ECCE9",
                "borderBottomLeftRadius": 8,
                "borderBottomRightRadius": 8,
                "borderTopLeftRadius": 8,
                "borderTopRightRadius": 8,
                "opacity": 1,
                "paddingBottom": 16,
                "paddingLeft": 40,
                "paddingRight": 40,
                "paddingTop": 16,
              }
            }
          >
            <Text
              style={
                [
                  {
                    "fontFamily": "Montserrat-Regular",
                  },
                  {
                    "color": "#383838",
                  },
                  {
                    "fontSize": 16,
                  },
                  [
                    {
                      "textAlign": "center",
                    },
                    {
                      "fontFamily": "Montserrat-Bold",
                    },
                    {
                      "fontSize": 16,
                    },
                    {
                      "color": "#FFFFFF",
                    },
                  ],
                ]
              }
            >
              Entrar
            </Text>
          </View>
        </View>
        <View
          style={
            [
              {
                "marginTop": 24,
              },
            ]
          }
        >
          <View
            accessible={true}
            collapsable={false}
            focusable={true}
            onClick={[Function]}
            onResponderGrant={[Function]}
            onResponderMove={[Function]}
            onResponderRelease={[Function]}
            onResponderTerminate={[Function]}
            onResponderTerminationRequest={[Function]}
            onStartShouldSetResponder={[Function]}
            style={
              {
                "opacity": 1,
              }
            }
          >
            <Text
              style={
                [
                  {
                    "fontFamily": "Montserrat-Regular",
                  },
                  {
                    "color": "#383838",
                  },
                  {
                    "fontSize": 16,
                  },
                  [
                    {
                      "textAlign": "center",
                    },
                    {
                      "fontFamily": "Montserrat-Bold",
                    },
                    {
                      "fontSize": 16,
                    },
                    {
                      "textDecorationLine": "underline",
                    },
                  ],
                ]
              }
            >
              Cadastrer
            </Text>
          </View>
        </View>
      </View>
    </View>
  </RCTSafeAreaView>
</ViewManagerAdapter_ExpoLinearGradient>
`;
