// Jest Snapshot v1, https://goo.gl/fbAQLP

exports[`LeaveButton renders correctly 1`] = `
<View
  style={
    [
      {
        "overflow": "hidden",
      },
      {
        "borderRadius": 20,
      },
      undefined,
      false,
    ]
  }
  testID="RNE_BUTTON_WRAPPER"
>
  <View
    accessibilityRole="button"
    accessibilityState={
      {
        "busy": false,
        "disabled": false,
      }
    }
    accessible={true}
    collapsable={false}
    focusable={true}
    onClick={[Function]}
    onResponderGrant={[Function]}
    onResponderMove={[Function]}
    onResponderRelease={[Function]}
    onResponderTerminate={[Function]}
    onResponderTerminationRequest={[Function]}
    onStartShouldSetResponder={[Function]}
    style={
      {
        "opacity": 1,
      }
    }
  >
    <View
      style={
        {
          "alignItems": "center",
          "backgroundColor": "invisible",
          "borderColor": "#2089dc",
          "borderRadius": 20,
          "borderWidth": 0,
          "flexDirection": "row",
          "height": 50,
          "justifyContent": "center",
          "padding": 4,
          "paddingHorizontal": 6,
          "width": 50,
        }
      }
    >
      <View
        style={
          {
            "overflow": "hidden",
          }
        }
        testID="RNE__ICON__CONTAINER"
      >
        <View
          accessibilityRole="button"
          android_ripple={
            {
              "borderless": false,
              "color": "rgba(0, 0, 0, 0.3)",
              "radius": -5,
            }
          }
          disabled={false}
          testID="RNE__ICON__CONTAINER_ACTION"
        >
          <View
            style={
              {
                "alignItems": "center",
                "backgroundColor": "transparent",
                "justifyContent": "center",
              }
            }
            testID="RNE__ICON"
          >
            <Text
              allowFontScaling={false}
              selectable={false}
              style={
                [
                  {
                    "color": "#383838",
                    "fontSize": 25,
                  },
                  {
                    "backgroundColor": "transparent",
                  },
                  {
                    "fontFamily": "material-community",
                    "fontStyle": "normal",
                    "fontWeight": "normal",
                  },
                  {},
                ]
              }
              testID="RNE__ICON__Component"
            >
              Û∞ÖÅ
            </Text>
          </View>
        </View>
      </View>
    </View>
  </View>
</View>
`;
