// Jest Snapshot v1, https://goo.gl/fbAQLP

exports[`<SectionCard /> renders SectionCard correctly 1`] = `
<View>
  <View
    accessible={true}
    collapsable={false}
    focusable={true}
    onBlur={[Function]}
    onClick={[Function]}
    onFocus={[Function]}
    onResponderGrant={[Function]}
    onResponderMove={[Function]}
    onResponderRelease={[Function]}
    onResponderTerminate={[Function]}
    onResponderTerminationRequest={[Function]}
    onStartShouldSetResponder={[Function]}
    style={
      [
        {
          "backgroundColor": "#FFFFFF",
        },
        {
          "borderBottomLeftRadius": 8,
          "borderBottomRightRadius": 8,
          "borderTopLeftRadius": 8,
          "borderTopRightRadius": 8,
        },
        {
          "shadowColor": "rgba(0, 0, 0, 0.1)",
          "shadowOffset": {
            "height": 10,
            "width": 0,
          },
          "shadowOpacity": 1,
          "shadowRadius": 15,
        },
        {
          "marginBottom": 15,
        },
        {
          "marginLeft": 18,
          "marginRight": 18,
        },
        {
          "overflow": "hidden",
        },
        {
          "elevation": 8,
        },
      ]
    }
    testID="collapsible"
  >
    <View
      style={
        [
          {
            "flexDirection": "row",
          },
          {
            "alignItems": "center",
          },
          {
            "justifyContent": "space-between",
          },
          {
            "paddingLeft": 25,
            "paddingRight": 25,
          },
          {
            "paddingBottom": 15,
            "paddingTop": 15,
          },
        ]
      }
    >
      <Text
        style={
          [
            {
              "fontFamily": "Montserrat-Regular",
            },
            {
              "color": "#383838",
            },
            {
              "fontSize": 16,
            },
            [
              {
                "fontSize": 16,
              },
              {
                "fontFamily": "Montserrat-Bold",
                "fontWeight": "700",
              },
              {
                "color": "#383838",
              },
              {
                "flexBasis": 0,
                "flexGrow": 1,
                "flexShrink": 1,
              },
            ],
          ]
        }
      >
        test section
      </Text>
      <Text
        style={
          [
            {
              "fontFamily": "Montserrat-Regular",
            },
            {
              "color": "#383838",
            },
            {
              "fontSize": 16,
            },
            [
              {
                "marginRight": 10,
              },
              {
                "color": "#383838",
              },
            ],
          ]
        }
      >
        /
        0
         concluídos
      </Text>
      <Text
        allowFontScaling={false}
        selectable={false}
        style={
          [
            {
              "color": "gray",
              "fontSize": 25,
            },
            undefined,
            {
              "fontFamily": "material-community",
              "fontStyle": "normal",
              "fontWeight": "normal",
            },
            {},
          ]
        }
        testID="chevron-down"
      >
        󰅀
      </Text>
    </View>
    <View
      collapsable={false}
      pointerEvents="none"
      style={
        {
          "height": 0,
          "overflow": "hidden",
        }
      }
    >
      <View
        collapsable={false}
        forwardedRef={[Function]}
        onLayout={[Function]}
        style={{}}
      >
        <View
          style={
            [
              {
                "height": 1,
              },
              {
                "backgroundColor": "#DDD",
              },
            ]
          }
        />
        <Text
          style={
            [
              {
                "fontFamily": "Montserrat-Regular",
              },
              {
                "color": "#383838",
              },
              {
                "fontSize": 16,
              },
              [
                {
                  "marginLeft": 20,
                  "marginRight": 20,
                },
                {
                  "marginBottom": 10,
                  "marginTop": 10,
                },
              ],
            ]
          }
        >
          this is a test section
        </Text>
        <View
          style={
            [
              {
                "width": "100%",
              },
            ]
          }
        >
          <View
            accessible={true}
            collapsable={false}
            focusable={true}
            onClick={[Function]}
            onResponderGrant={[Function]}
            onResponderMove={[Function]}
            onResponderRelease={[Function]}
            onResponderTerminate={[Function]}
            onResponderTerminationRequest={[Function]}
            onStartShouldSetResponder={[Function]}
            style={
              {
                "alignItems": "center",
                "height": 300,
                "justifyContent": "center",
                "opacity": 1,
                "position": "relative",
                "width": "100%",
              }
            }
          >
            <Image
              source={1}
              style={
                [
                  {
                    "width": "100%",
                  },
                  {
                    "height": 300,
                  },
                ]
              }
            />
            <View
              style={
                [
                  {
                    "position": "absolute",
                  },
                  {
                    "zIndex": 1,
                  },
                ]
              }
            >
              <Text
                allowFontScaling={false}
                selectable={false}
                style={
                  [
                    {
                      "color": "lightblue",
                      "fontSize": 100,
                    },
                    undefined,
                    {
                      "fontFamily": "material-community",
                      "fontStyle": "normal",
                      "fontWeight": "normal",
                    },
                    {},
                  ]
                }
              >
                󰐍
              </Text>
            </View>
          </View>
        </View>
      </View>
    </View>
  </View>
</View>
`;
