// Jest Snapshot v1, https://goo.gl/fbAQLP

exports[`<SubscriptionCancel /> SubscriptionCancel button renders 1`] = `
<View
  style={
    [
      {
        "paddingBottom": 16,
        "paddingTop": 16,
      },
      {
        "alignSelf": "center",
      },
      {
        "justifyContent": "flex-end",
      },
    ]
  }
>
  <View
    collapsable={false}
    style={
      {
        "backgroundColor": "#FF4949",
        "borderColor": "transparent",
        "borderRadius": 4,
        "borderStyle": "solid",
        "borderWidth": 0,
        "elevation": 2,
        "minWidth": 64,
        "shadowColor": "#000000",
        "shadowOffset": {
          "height": 0.75,
          "width": 0,
        },
        "shadowOpacity": 0.24,
        "shadowRadius": 1.5,
      }
    }
  >
    <View
      accessibilityRole="button"
      accessibilityState={
        {
          "disabled": false,
        }
      }
      accessible={true}
      focusable={true}
      onClick={[Function]}
      onResponderGrant={[Function]}
      onResponderMove={[Function]}
      onResponderRelease={[Function]}
      onResponderTerminate={[Function]}
      onResponderTerminationRequest={[Function]}
      onStartShouldSetResponder={[Function]}
      style={
        [
          {
            "overflow": "hidden",
          },
          {
            "borderRadius": 4,
          },
        ]
      }
      testID="subscriptionCancelButton"
    >
      <View
        style={
          [
            {
              "alignItems": "center",
              "flexDirection": "row",
              "justifyContent": "center",
            },
            undefined,
          ]
        }
      >
        <Text
          numberOfLines={1}
          selectable={false}
          style={
            [
              {
                "color": "#000000",
                "fontFamily": "System",
                "fontWeight": "400",
              },
              {
                "textAlign": "left",
              },
              [
                {
                  "letterSpacing": 1,
                  "marginHorizontal": 16,
                  "marginVertical": 9,
                  "textAlign": "center",
                },
                undefined,
                {
                  "textTransform": "uppercase",
                },
                {
                  "color": "#ffffff",
                  "fontFamily": "System",
                  "fontWeight": "500",
                },
                {
                  "fontFamily": "System",
                  "fontWeight": "500",
                },
                undefined,
              ],
            ]
          }
        >
          Cancelar inscrição
        </Text>
      </View>
    </View>
  </View>
</View>
`;
